[debug] [2020-11-03T07:48:25.533Z] ----------------------------------------------------------------------
[debug] [2020-11-03T07:48:25.535Z] Command:       /usr/local/Cellar/node/13.8.0/bin/node /usr/local/bin/firebase deploy
[debug] [2020-11-03T07:48:25.536Z] CLI Version:   8.8.1
[debug] [2020-11-03T07:48:25.536Z] Platform:      darwin
[debug] [2020-11-03T07:48:25.536Z] Node Version:  v13.8.0
[debug] [2020-11-03T07:48:25.537Z] Time:          Tue Nov 03 2020 08:48:25 GMT+0100 (West Africa Standard Time)
[debug] [2020-11-03T07:48:25.537Z] ----------------------------------------------------------------------
[debug] [2020-11-03T07:48:25.537Z] 
[debug] [2020-11-03T07:48:25.549Z] > command requires scopes: ["email","openid","https://www.googleapis.com/auth/cloudplatformprojects.readonly","https://www.googleapis.com/auth/firebase","https://www.googleapis.com/auth/cloud-platform"]
[debug] [2020-11-03T07:48:25.550Z] > authorizing via signed-in user
[debug] [2020-11-03T07:48:25.550Z] [iam] checking project hms-tenece for permissions ["firebase.projects.get","firebasehosting.sites.update"]
[debug] [2020-11-03T07:48:25.552Z] >>> HTTP REQUEST POST https://cloudresourcemanager.googleapis.com/v1/projects/hms-tenece:testIamPermissions  
 {"permissions":["firebase.projects.get","firebasehosting.sites.update"]}
[debug] [2020-11-03T07:48:26.959Z] <<< HTTP RESPONSE 200 {"content-type":"application/json; charset=UTF-8","vary":"X-Origin, Referer, Origin,Accept-Encoding","date":"Tue, 03 Nov 2020 07:48:26 GMT","server":"ESF","cache-control":"private","x-xss-protection":"0","x-frame-options":"SAMEORIGIN","x-content-type-options":"nosniff","server-timing":"gfet4t7; dur=1117","alt-svc":"h3-Q050=\":443\"; ma=2592000,h3-29=\":443\"; ma=2592000,h3-T051=\":443\"; ma=2592000,h3-T050=\":443\"; ma=2592000,h3-Q046=\":443\"; ma=2592000,h3-Q043=\":443\"; ma=2592000,quic=\":443\"; ma=2592000; v=\"46,43\"","accept-ranges":"none","transfer-encoding":"chunked"}
[debug] [2020-11-03T07:48:26.962Z] >>> HTTP REQUEST GET https://firebase.googleapis.com/v1beta1/projects/hms-tenece  
 
[debug] [2020-11-03T07:48:27.466Z] <<< HTTP RESPONSE 200 {"content-type":"application/json; charset=UTF-8","vary":"X-Origin, Referer, Origin,Accept-Encoding","date":"Tue, 03 Nov 2020 07:48:27 GMT","server":"ESF","cache-control":"private","x-xss-protection":"0","x-frame-options":"SAMEORIGIN","x-content-type-options":"nosniff","alt-svc":"h3-Q050=\":443\"; ma=2592000,h3-29=\":443\"; ma=2592000,h3-T051=\":443\"; ma=2592000,h3-T050=\":443\"; ma=2592000,h3-Q046=\":443\"; ma=2592000,h3-Q043=\":443\"; ma=2592000,quic=\":443\"; ma=2592000; v=\"46,43\"","accept-ranges":"none","transfer-encoding":"chunked"}
[info] 
[info] === Deploying to 'hms-tenece'...
[info] 
[info] i  deploying hosting 
[debug] [2020-11-03T07:48:27.470Z] >>> HTTP REQUEST POST https://firebasehosting.googleapis.com/v1beta1/sites/hms-tenece/versions  
 {"config":{"rewrites":[{"glob":"**","path":"/index.html"}]},"labels":{"deployment-tool":"cli-firebase"}}
